// Jest Snapshot v1, https://goo.gl/fbAQLP

exports[`UU5.Bricks.HomeScreen interface testing activate(setStateCallBack) 1`] = `
<Div
  className="ath-viewport"
  content={null}
  controlled={true}
  disabled={false}
  dynamic={false}
  hidden={false}
  id={null}
  ignoreInnerHTML={false}
  mainAttrs={null}
  name={null}
  nestingLevel="bigBoxCollection"
  noIndex={false}
  pureRender={false}
  ref_={null}
  selected={false}
  style={null}
  tooltip={null}
>
  <div
    className="ath-container ath-iOS ath-iOS10 ath-phone uu5-bricks-home-screen-hidden"
  >
    <div
      key="1"
      onClick={[Function]}
    >
      <Icon
        authenticate={false}
        className={null}
        clickable={true}
        controlled={true}
        disabled={false}
        hidden={false}
        icon="mdi-close"
        id={null}
        mainAttrs={null}
        name={null}
        nestingLevel={null}
        noIndex={false}
        pureRender={false}
        ref_={null}
        selected={false}
        src=""
        style={null}
        tooltip={null}
      />
    </div>
    <P
      className={null}
      content="Something"
      controlled={true}
      disabled={false}
      dynamic={false}
      hidden={false}
      id={null}
      ignoreInnerHTML={false}
      key="2"
      mainAttrs={null}
      name={null}
      nestingLevel={null}
      noIndex={false}
      pureRender={false}
      ref_={null}
      selected={false}
      style={null}
      tooltip={null}
    />
  </div>
</Div>
`;

exports[`UU5.Bricks.HomeScreen interface testing activate(setStateCallBack) 2`] = `
<Div
  className="ath-viewport"
  content={null}
  controlled={true}
  disabled={false}
  dynamic={false}
  hidden={false}
  id={null}
  ignoreInnerHTML={false}
  mainAttrs={null}
  name={null}
  nestingLevel="bigBoxCollection"
  noIndex={false}
  pureRender={false}
  ref_={null}
  selected={false}
  style={null}
  tooltip={null}
>
  <div
    className="ath-container ath-iOS ath-iOS10 ath-phone uu5-bricks-home-screen-hidden"
  >
    <div
      key="1"
      onClick={[Function]}
    >
      <Icon
        authenticate={false}
        className={null}
        clickable={true}
        controlled={true}
        disabled={false}
        hidden={false}
        icon="mdi-close"
        id={null}
        mainAttrs={null}
        name={null}
        nestingLevel={null}
        noIndex={false}
        pureRender={false}
        ref_={null}
        selected={false}
        src=""
        style={null}
        tooltip={null}
      />
    </div>
    <P
      className={null}
      content="Something"
      controlled={true}
      disabled={false}
      dynamic={false}
      hidden={false}
      id={null}
      ignoreInnerHTML={false}
      key="2"
      mainAttrs={null}
      name={null}
      nestingLevel={null}
      noIndex={false}
      pureRender={false}
      ref_={null}
      selected={false}
      style={null}
      tooltip={null}
    />
  </div>
</Div>
`;
