// Jest Snapshot v1, https://goo.gl/fbAQLP

exports[`UU5.Bricks.Iframe interface testing resize(setStateCallBack) 1`] = `
<div
  className="uu5-bricks-iframe"
  id="uuID01"
  style={Object {}}
  title={null}
>
  <Loading
    className={null}
    colorSchema={null}
    content={null}
    controlled={true}
    disabled={false}
    dynamic={false}
    hidden={false}
    id={null}
    ignoreInnerHTML={false}
    inline={false}
    mainAttrs={null}
    name={null}
    nestingLevel={null}
    noIndex={false}
    pureRender={false}
    ref_={null}
    selected={false}
    style={null}
    tooltip={null}
  />
</div>
`;

exports[`UU5.Bricks.Iframe interface testing resize(setStateCallBack) 2`] = `
<div
  className="uu5-bricks-iframe"
  id="uuID01"
  style={Object {}}
  title={null}
>
  <Loading
    className={null}
    colorSchema={null}
    content={null}
    controlled={true}
    disabled={false}
    dynamic={false}
    hidden={false}
    id={null}
    ignoreInnerHTML={false}
    inline={false}
    mainAttrs={null}
    name={null}
    nestingLevel={null}
    noIndex={false}
    pureRender={false}
    ref_={null}
    selected={false}
    style={null}
    tooltip={null}
  />
</div>
`;

exports[`UU5.Bricks.Iframe interface testing setSize(w,h,setStateCallBack) 1`] = `
<div
  className="uu5-bricks-iframe"
  id="uuID01"
  style={Object {}}
  title={null}
/>
`;

exports[`UU5.Bricks.Iframe interface testing setSize(w,h,setStateCallBack) 2`] = `
<div
  className="uu5-bricks-iframe"
  id="uuID01"
  style={Object {}}
  title={null}
/>
`;
