// Jest Snapshot v1, https://goo.gl/fbAQLP

exports[`UU5.Bricks.Null default props 1`] = `""`;

exports[`UU5.Bricks.Null docKit examples UU5.Bricks.Null should render without crash 1`] = `""`;
