// Jest Snapshot v1, https://goo.gl/fbAQLP

exports[`UU5.Bricks.ProgressBus interface testing addItem(itemprops, setStateCallBack) 1`] = `
<div
  className="uu5-bricks-progress-bus uu5-bricks-progress-bus-center uu5-bricks-progress-bus-bottomnull"
  id="uuID01"
  style={Object {}}
  title={null}
/>
`;

exports[`UU5.Bricks.ProgressBus interface testing addItem(itemprops, setStateCallBack) 2`] = `
<div
  className="uu5-bricks-progress-bus uu5-bricks-progress-bus-center uu5-bricks-progress-bus-bottomnull"
  id="uuID01"
  style={Object {}}
  title={null}
/>
`;

exports[`UU5.Bricks.ProgressBus interface testing getItem(itemID) 1`] = `
<div
  className="uu5-bricks-progress-bus uu5-bricks-progress-bus-center uu5-bricks-progress-bus-bottomnull"
  id="uuID01"
  style={Object {}}
  title={null}
/>
`;

exports[`UU5.Bricks.ProgressBus interface testing getItem(itemID) 2`] = `
<div
  className="uu5-bricks-progress-bus uu5-bricks-progress-bus-center uu5-bricks-progress-bus-bottomnull"
  id="uuID01"
  style={Object {}}
  title={null}
/>
`;

exports[`UU5.Bricks.ProgressBus interface testing getItemByCode(itemCode) 1`] = `
<div
  className="uu5-bricks-progress-bus uu5-bricks-progress-bus-center uu5-bricks-progress-bus-bottomnull"
  id="uuID01"
  style={Object {}}
  title={null}
/>
`;

exports[`UU5.Bricks.ProgressBus interface testing getItemByCode(itemCode) 2`] = `
<div
  className="uu5-bricks-progress-bus uu5-bricks-progress-bus-center uu5-bricks-progress-bus-bottomnull"
  id="uuID01"
  style={Object {}}
  title={null}
/>
`;

exports[`UU5.Bricks.ProgressBus interface testing getItemList() 1`] = `
<div
  className="uu5-bricks-progress-bus uu5-bricks-progress-bus-center uu5-bricks-progress-bus-bottomnull"
  id="uuID01"
  style={Object {}}
  title={null}
/>
`;

exports[`UU5.Bricks.ProgressBus interface testing getItemsByCode(code) 1`] = `
<div
  className="uu5-bricks-progress-bus uu5-bricks-progress-bus-center uu5-bricks-progress-bus-bottomnull"
  id="uuID01"
  style={Object {}}
  title={null}
/>
`;

exports[`UU5.Bricks.ProgressBus interface testing getItemsByCode(code) 2`] = `
<div
  className="uu5-bricks-progress-bus uu5-bricks-progress-bus-center uu5-bricks-progress-bus-bottomnull"
  id="uuID01"
  style={Object {}}
  title={null}
/>
`;

exports[`UU5.Bricks.ProgressBus interface testing hideAlert(itemID, setStateCallBack) 1`] = `
<div
  className="uu5-bricks-progress-bus uu5-bricks-progress-bus-center uu5-bricks-progress-bus-bottomnull"
  id="uuID01"
  style={Object {}}
  title={null}
/>
`;

exports[`UU5.Bricks.ProgressBus interface testing removeItem(itemID, setStateCallBack) 1`] = `
<div
  className="uu5-bricks-progress-bus uu5-bricks-progress-bus-center uu5-bricks-progress-bus-bottomnull"
  id="uuID01"
  style={Object {}}
  title={null}
/>
`;

exports[`UU5.Bricks.ProgressBus interface testing removeItem(itemID, setStateCallBack) 2`] = `
<div
  className="uu5-bricks-progress-bus uu5-bricks-progress-bus-center uu5-bricks-progress-bus-bottomnull"
  id="uuID01"
  style={Object {}}
  title={null}
/>
`;

exports[`UU5.Bricks.ProgressBus interface testing removeItem(itemID, setStateCallBack) 3`] = `
<div
  className="uu5-bricks-progress-bus uu5-bricks-progress-bus-center uu5-bricks-progress-bus-bottomnull"
  id="uuID01"
  style={Object {}}
  title={null}
/>
`;

exports[`UU5.Bricks.ProgressBus interface testing setItem(itemID, itemProps, setStateCallBack) 1`] = `
<div
  className="uu5-bricks-progress-bus uu5-bricks-progress-bus-center uu5-bricks-progress-bus-bottomnull"
  id="uuID01"
  style={Object {}}
  title={null}
/>
`;

exports[`UU5.Bricks.ProgressBus interface testing showAlert(itemId, setStateCallBack) 1`] = `
<div
  className="uu5-bricks-progress-bus uu5-bricks-progress-bus-center uu5-bricks-progress-bus-bottomnull"
  id="uuID01"
  style={Object {}}
  title={null}
/>
`;

exports[`UU5.Bricks.ProgressBus interface testing updateItem(itemID, updateItem, setStateCallBack) 1`] = `
<div
  className="uu5-bricks-progress-bus uu5-bricks-progress-bus-center uu5-bricks-progress-bus-bottomnull"
  id="uuID01"
  style={Object {}}
  title={null}
/>
`;
